C51 COMPILER V9.60.7.0   MAIN                                                              04/23/2026 16:44:18 PAGE 1   


C51 COMPILER V9.60.7.0, COMPILATION OF MODULE MAIN
OBJECT MODULE PLACED IN .\Objects\main.obj
COMPILER INVOKED BY: E:\Keil_v5_C51\C51\BIN\C51.EXE main.c OPTIMIZE(8,SPEED) BROWSE DEBUG OBJECTEXTEND PRINT(.\Listings\
                    -main.lst) TABS(2) OBJECT(.\Objects\main.obj)

line level    source

   1          #include <regx52.h>
   2          #include <intrins.h>
   3          
   4          void Delay1ms(unsigned int xms)   //@12.000MHz
   5          {
   6   1        unsigned char i, j;
   7   1          while (xms)
   8   1          {
   9   2              i = 2;
  10   2              j = 239;
  11   2              do
  12   2              {
  13   3                  while (--j);
  14   3              } while (--i);
  15   2              xms--;
  16   2          }
  17   1          
  18   1      }
  19          
  20          
  21          void main()
  22          {
  23   1          while (1)
  24   1          {
  25   2              P2 = 0xFE;
  26   2              Delay1ms(800);
  27   2              P2 = 0xFD;
  28   2              Delay1ms(700);
  29   2              P2 = 0xFB;
  30   2              Delay1ms(600);
  31   2              P2 = 0xF7;
  32   2              Delay1ms(500);
  33   2              P2 = 0xEF;
  34   2              Delay1ms(400);
  35   2              P2 = 0xDF;
  36   2              Delay1ms(300);
  37   2              P2 = 0xBF;
  38   2              Delay1ms(200);
  39   2              P2 = 0xF7F;
  40   2              Delay1ms(100);
  41   2      
  42   2          }
  43   1          
  44   1      }


MODULE INFORMATION:   STATIC OVERLAYABLE
   CODE SIZE        =    102    ----
   CONSTANT SIZE    =   ----    ----
   XDATA SIZE       =   ----    ----
   PDATA SIZE       =   ----    ----
   DATA SIZE        =   ----    ----
   IDATA SIZE       =   ----    ----
   BIT SIZE         =   ----    ----
C51 COMPILER V9.60.7.0   MAIN                                                              04/23/2026 16:44:18 PAGE 2   

END OF MODULE INFORMATION.


C51 COMPILATION COMPLETE.  0 WARNING(S),  0 ERROR(S)
