C51 COMPILER V9.60.7.0   MAIN                                                              04/24/2026 13:41:35 PAGE 1   


C51 COMPILER V9.60.7.0, COMPILATION OF MODULE MAIN
OBJECT MODULE PLACED IN .\Objects\main.obj
COMPILER INVOKED BY: E:\Keil_v5_C51\C51\BIN\C51.EXE main.c OPTIMIZE(8,SPEED) BROWSE DEBUG OBJECTEXTEND PRINT(.\Listings\
                    -main.lst) TABS(2) OBJECT(.\Objects\main.obj)

line level    source

   1          #include <regx52.h>
   2          
   3          void Delay1ms(unsigned int xms)   //@12.000MHz
   4          {
   5   1        unsigned char i, j;
   6   1          while (xms)
   7   1          {
   8   2              i = 2;
   9   2              j = 239;
  10   2              do
  11   2              {
  12   3                  while (--j);
  13   3              } while (--i);
  14   2              xms--;
  15   2          }
  16   1          
  17   1      }
  18          
  19          void main()
  20          {
  21   1          while (1)
  22   1          {
  23   2              if (P3_1 == 0)
  24   2              {
  25   3                  Delay1ms(20);
  26   3                  while (P3_1 == 0);
  27   3                  Delay1ms(20);
  28   3      #ifndef P2_0_H
  29   3      #define P2_0_H
  30   3                  P2_0 = ~P2_0;
  31   3      #endif
  32   3              }
  33   2              if (P3_1 == 0)
  34   2              {
  35   3                  Delay1ms(20);
  36   3                  while (P3_1 == 0);
  37   3                  Delay1ms(20);
  38   3      #ifndef P2_1_H
  39   3      #define P2_1_H
  40   3                  P2_1 = ~P2_1;
  41   3      #endif
  42   3              }
  43   2          }
  44   1      }


MODULE INFORMATION:   STATIC OVERLAYABLE
   CODE SIZE        =     54    ----
   CONSTANT SIZE    =   ----    ----
   XDATA SIZE       =   ----    ----
   PDATA SIZE       =   ----    ----
   DATA SIZE        =   ----    ----
   IDATA SIZE       =   ----    ----
   BIT SIZE         =   ----    ----
C51 COMPILER V9.60.7.0   MAIN                                                              04/24/2026 13:41:35 PAGE 2   

END OF MODULE INFORMATION.


C51 COMPILATION COMPLETE.  0 WARNING(S),  0 ERROR(S)
